[0m22:13:00.166294 [debug] [MainThread]: Sending event: {'category': 'dbt', 'action': 'invocation', 'label': 'start', 'context': [<snowplow_tracker.self_describing_json.SelfDescribingJson object at 0x72a667f321e0>, <snowplow_tracker.self_describing_json.SelfDescribingJson object at 0x72a668f32060>, <snowplow_tracker.self_describing_json.SelfDescribingJson object at 0x72a66874d430>]}


============================== 22:13:00.170824 | 2a0c3e55-adbd-412e-bd53-5c917c9af6d4 ==============================
[0m22:13:00.170824 [info ] [MainThread]: Running with dbt=1.11.0-rc1
[0m22:13:00.171595 [debug] [MainThread]: running dbt with arguments {'write_json': 'True', 'use_experimental_parser': 'False', 'send_anonymous_usage_stats': 'True', 'log_path': 'logs', 'quiet': 'False', 'fail_fast': 'False', 'printer_width': '80', 'warn_error_options': 'WarnErrorOptionsV2(error=[], warn=[], silence=[])', 'version_check': 'True', 'target_path': 'None', 'empty': 'None', 'log_cache_events': 'False', 'indirect_selection': 'eager', 'no_print': 'None', 'partial_parse': 'True', 'static_parser': 'True', 'warn_error': 'None', 'profiles_dir': '/home/codespace/.dbt', 'introspect': 'True', 'cache_selected_only': 'False', 'use_colors': 'True', 'log_format': 'default', 'invocation_command': 'dbt init', 'debug': 'False'}
[0m22:13:00.181332 [info ] [MainThread]: Creating dbt configuration folder at /home/codespace/.dbt
[0m22:13:35.847882 [debug] [MainThread]: Starter project path: /usr/local/python/3.12.1/lib/python3.12/site-packages/dbt/include/starter_project
[0m22:13:35.852554 [info ] [MainThread]: 
Your new dbt project "global_electricity_pipeline" was created!

For more information on how to configure the profiles.yml file,
please consult the dbt documentation here:

  https://docs.getdbt.com/docs/configure-your-profile

One more thing:

Need help? Don't hesitate to reach out to us via GitHub issues or on Slack:

  https://community.getdbt.com/

Happy modeling!

[0m22:13:35.853403 [info ] [MainThread]: Setting up your profile.
[0m22:13:51.775803 [error] [MainThread]: Encountered an error:
list index out of range
[0m22:13:51.778523 [error] [MainThread]: Traceback (most recent call last):
  File "/usr/local/python/3.12.1/lib/python3.12/site-packages/dbt/cli/requires.py", line 182, in wrapper
    result, success = func(*args, **kwargs)
                      ^^^^^^^^^^^^^^^^^^^^^
  File "/usr/local/python/3.12.1/lib/python3.12/site-packages/dbt/cli/requires.py", line 128, in wrapper
    return func(*args, **kwargs)
           ^^^^^^^^^^^^^^^^^^^^^
  File "/usr/local/python/3.12.1/lib/python3.12/site-packages/dbt/cli/main.py", line 483, in init
    results = task.run()
              ^^^^^^^^^^
  File "/usr/local/python/3.12.1/lib/python3.12/site-packages/dbt/task/init.py", line 346, in run
    self.setup_profile(profile_name)
  File "/usr/local/python/3.12.1/lib/python3.12/site-packages/dbt/task/init.py", line 261, in setup_profile
    adapter = self.ask_for_adapter_choice()
              ^^^^^^^^^^^^^^^^^^^^^^^^^^^^^
  File "/usr/local/python/3.12.1/lib/python3.12/site-packages/dbt/task/init.py", line 243, in ask_for_adapter_choice
    return available_adapters[numeric_choice - 1]
           ~~~~~~~~~~~~~~~~~~^^^^^^^^^^^^^^^^^^^^
IndexError: list index out of range

[0m22:13:51.780542 [debug] [MainThread]: Resource report: {"command_name": "init", "command_success": false, "command_wall_clock_time": 51.6739, "process_in_blocks": "25648", "process_kernel_time": 0.241857, "process_mem_max_rss": "117868", "process_out_blocks": "72", "process_user_time": 2.8803}
[0m22:13:51.781198 [debug] [MainThread]: Command `dbt init` failed at 22:13:51.781083 after 51.67 seconds
[0m22:13:51.781880 [debug] [MainThread]: Sending event: {'category': 'dbt', 'action': 'invocation', 'label': 'end', 'context': [<snowplow_tracker.self_describing_json.SelfDescribingJson object at 0x72a668556060>, <snowplow_tracker.self_describing_json.SelfDescribingJson object at 0x72a667b83b60>, <snowplow_tracker.self_describing_json.SelfDescribingJson object at 0x72a667fd6ea0>]}
[0m22:13:51.782418 [debug] [MainThread]: Flushing usage events
[0m22:13:51.898992 [debug] [MainThread]: An error was encountered while trying to flush usage events
[0m22:14:07.236153 [debug] [MainThread]: Sending event: {'category': 'dbt', 'action': 'invocation', 'label': 'start', 'context': [<snowplow_tracker.self_describing_json.SelfDescribingJson object at 0x71b36da69ac0>, <snowplow_tracker.self_describing_json.SelfDescribingJson object at 0x71b36e078b60>, <snowplow_tracker.self_describing_json.SelfDescribingJson object at 0x71b36e503350>]}


============================== 22:14:07.239540 | 845b8fc8-8236-40df-91f4-6fd5ab3d025b ==============================
[0m22:14:07.239540 [info ] [MainThread]: Running with dbt=1.11.0-rc1
[0m22:14:07.240353 [debug] [MainThread]: running dbt with arguments {'use_experimental_parser': 'False', 'log_format': 'default', 'partial_parse': 'True', 'cache_selected_only': 'False', 'no_print': 'None', 'version_check': 'True', 'target_path': 'None', 'use_colors': 'True', 'log_cache_events': 'False', 'profiles_dir': '/home/codespace/.dbt', 'static_parser': 'True', 'warn_error': 'None', 'invocation_command': 'dbt init', 'fail_fast': 'False', 'debug': 'False', 'introspect': 'True', 'quiet': 'False', 'write_json': 'True', 'warn_error_options': 'WarnErrorOptionsV2(error=[], warn=[], silence=[])', 'indirect_selection': 'eager', 'send_anonymous_usage_stats': 'True', 'printer_width': '80', 'empty': 'None', 'log_path': 'logs'}
[0m22:14:19.432938 [debug] [MainThread]: Starter project path: /usr/local/python/3.12.1/lib/python3.12/site-packages/dbt/include/starter_project
[0m22:14:19.438626 [info ] [MainThread]: 
Your new dbt project "global_eletricity_pipeline" was created!

For more information on how to configure the profiles.yml file,
please consult the dbt documentation here:

  https://docs.getdbt.com/docs/configure-your-profile

One more thing:

Need help? Don't hesitate to reach out to us via GitHub issues or on Slack:

  https://community.getdbt.com/

Happy modeling!

[0m22:14:19.439467 [info ] [MainThread]: Setting up your profile.
[0m22:14:26.343203 [debug] [MainThread]: Snowflake adapter: Setting snowflake.connector to ERROR (file logging only)
[0m22:14:26.343866 [debug] [MainThread]: Snowflake adapter: Setting botocore to ERROR (file logging only)
[0m22:14:26.344417 [debug] [MainThread]: Snowflake adapter: Setting boto3 to ERROR (file logging only)
[0m22:18:43.652050 [info ] [MainThread]: Profile global_eletricity_pipeline written to /home/codespace/.dbt/profiles.yml using target's profile_template.yml and your supplied values. Run 'dbt debug' to validate the connection.
[0m22:18:43.653899 [debug] [MainThread]: Resource report: {"command_name": "init", "command_success": true, "command_wall_clock_time": 276.47784, "process_in_blocks": "70464", "process_kernel_time": 0.346171, "process_mem_max_rss": "184480", "process_out_blocks": "80", "process_user_time": 3.404909}
[0m22:18:43.654886 [debug] [MainThread]: Command `dbt init` succeeded at 22:18:43.654765 after 276.48 seconds
[0m22:18:43.655387 [debug] [MainThread]: Sending event: {'category': 'dbt', 'action': 'invocation', 'label': 'end', 'context': [<snowplow_tracker.self_describing_json.SelfDescribingJson object at 0x71b36d2f8080>, <snowplow_tracker.self_describing_json.SelfDescribingJson object at 0x71b362457830>, <snowplow_tracker.self_describing_json.SelfDescribingJson object at 0x71b36268b470>]}
[0m22:18:43.655990 [debug] [MainThread]: Flushing usage events
[0m22:18:43.746090 [debug] [MainThread]: An error was encountered while trying to flush usage events
[0m22:33:22.199832 [debug] [MainThread]: Sending event: {'category': 'dbt', 'action': 'invocation', 'label': 'start', 'context': [<snowplow_tracker.self_describing_json.SelfDescribingJson object at 0x790988300830>, <snowplow_tracker.self_describing_json.SelfDescribingJson object at 0x7909865aecf0>, <snowplow_tracker.self_describing_json.SelfDescribingJson object at 0x790986e73230>]}


============================== 22:33:22.203338 | f474c7c9-6d03-458c-b4a3-8e9e3eef96eb ==============================
[0m22:33:22.203338 [info ] [MainThread]: Running with dbt=1.11.0-rc1
[0m22:33:22.204133 [debug] [MainThread]: running dbt with arguments {'no_print': 'None', 'profiles_dir': '/home/codespace/.dbt', 'target_path': 'None', 'indirect_selection': 'eager', 'cache_selected_only': 'False', 'debug': 'False', 'use_colors': 'True', 'send_anonymous_usage_stats': 'True', 'introspect': 'True', 'invocation_command': 'dbt deps', 'static_parser': 'True', 'log_format': 'default', 'log_path': 'logs', 'use_experimental_parser': 'False', 'warn_error_options': 'WarnErrorOptionsV2(error=[], warn=[], silence=[])', 'write_json': 'True', 'quiet': 'False', 'version_check': 'True', 'printer_width': '80', 'fail_fast': 'False', 'empty': 'None', 'warn_error': 'None', 'log_cache_events': 'False', 'partial_parse': 'True'}
[0m22:33:22.204974 [error] [MainThread]: Encountered an error:
Runtime Error
  No dbt_project.yml found at expected path /workspaces/Global-Electricity-Insights-Pipeline/dbt_project.yml
  Verify that each entry within packages.yml (and their transitive dependencies) contains a file named dbt_project.yml
  
[0m22:33:22.206072 [debug] [MainThread]: Resource report: {"command_name": "deps", "command_success": false, "command_wall_clock_time": 0.067523, "process_in_blocks": "0", "process_kernel_time": 0.210788, "process_mem_max_rss": "117408", "process_out_blocks": "24", "process_user_time": 2.875477}
[0m22:33:22.206797 [debug] [MainThread]: Command `dbt deps` failed at 22:33:22.206686 after 0.07 seconds
[0m22:33:22.207277 [debug] [MainThread]: Sending event: {'category': 'dbt', 'action': 'invocation', 'label': 'end', 'context': [<snowplow_tracker.self_describing_json.SelfDescribingJson object at 0x790985d6f800>, <snowplow_tracker.self_describing_json.SelfDescribingJson object at 0x790988300830>, <snowplow_tracker.self_describing_json.SelfDescribingJson object at 0x790985a54410>]}
[0m22:33:22.207786 [debug] [MainThread]: Flushing usage events
[0m22:33:22.310485 [debug] [MainThread]: An error was encountered while trying to flush usage events
[0m22:33:54.134083 [debug] [MainThread]: Sending event: {'category': 'dbt', 'action': 'invocation', 'label': 'start', 'context': [<snowplow_tracker.self_describing_json.SelfDescribingJson object at 0x778f020842c0>, <snowplow_tracker.self_describing_json.SelfDescribingJson object at 0x778f01ed1550>, <snowplow_tracker.self_describing_json.SelfDescribingJson object at 0x778f02e9a450>]}


============================== 22:33:54.137421 | 91eca801-3b8c-4702-886f-bda9e9ad71a4 ==============================
[0m22:33:54.137421 [info ] [MainThread]: Running with dbt=1.11.0-rc1
[0m22:33:54.138246 [debug] [MainThread]: running dbt with arguments {'profiles_dir': '/home/codespace/.dbt', 'warn_error': 'None', 'warn_error_options': 'WarnErrorOptionsV2(error=[], warn=[], silence=[])', 'introspect': 'True', 'no_print': 'None', 'write_json': 'True', 'quiet': 'False', 'invocation_command': 'dbt deps', 'printer_width': '80', 'version_check': 'True', 'target_path': 'None', 'use_colors': 'True', 'empty': 'None', 'fail_fast': 'False', 'partial_parse': 'True', 'use_experimental_parser': 'False', 'static_parser': 'True', 'debug': 'False', 'log_path': 'logs', 'log_cache_events': 'False', 'send_anonymous_usage_stats': 'True', 'indirect_selection': 'eager', 'log_format': 'default', 'cache_selected_only': 'False'}
[0m22:33:54.139064 [error] [MainThread]: Encountered an error:
Runtime Error
  No dbt_project.yml found at expected path /workspaces/Global-Electricity-Insights-Pipeline/dbt_project.yml
  Verify that each entry within packages.yml (and their transitive dependencies) contains a file named dbt_project.yml
  
[0m22:33:54.140186 [debug] [MainThread]: Resource report: {"command_name": "deps", "command_success": false, "command_wall_clock_time": 0.066403665, "process_in_blocks": "0", "process_kernel_time": 0.196749, "process_mem_max_rss": "117572", "process_out_blocks": "8", "process_user_time": 2.794436}
[0m22:33:54.140894 [debug] [MainThread]: Command `dbt deps` failed at 22:33:54.140780 after 0.07 seconds
[0m22:33:54.141384 [debug] [MainThread]: Sending event: {'category': 'dbt', 'action': 'invocation', 'label': 'end', 'context': [<snowplow_tracker.self_describing_json.SelfDescribingJson object at 0x778f0226dc40>, <snowplow_tracker.self_describing_json.SelfDescribingJson object at 0x778f011ed010>, <snowplow_tracker.self_describing_json.SelfDescribingJson object at 0x778f00f61fd0>]}
[0m22:33:54.141912 [debug] [MainThread]: Flushing usage events
[0m22:33:54.182552 [debug] [MainThread]: An error was encountered while trying to flush usage events
[0m22:34:27.566036 [debug] [MainThread]: Sending event: {'category': 'dbt', 'action': 'invocation', 'label': 'start', 'context': [<snowplow_tracker.self_describing_json.SelfDescribingJson object at 0x728bf1ceaea0>, <snowplow_tracker.self_describing_json.SelfDescribingJson object at 0x728bf204bb30>, <snowplow_tracker.self_describing_json.SelfDescribingJson object at 0x728bf1c825d0>]}


============================== 22:34:27.569308 | 0ff2237d-aa94-4a5b-944b-70a5151a676c ==============================
[0m22:34:27.569308 [info ] [MainThread]: Running with dbt=1.11.0-rc1
[0m22:34:27.570098 [debug] [MainThread]: running dbt with arguments {'profiles_dir': '/home/codespace/.dbt', 'use_experimental_parser': 'False', 'warn_error': 'None', 'log_cache_events': 'False', 'static_parser': 'True', 'warn_error_options': 'WarnErrorOptionsV2(error=[], warn=[], silence=[])', 'target_path': 'None', 'send_anonymous_usage_stats': 'True', 'invocation_command': 'dbt deps', 'quiet': 'False', 'introspect': 'True', 'debug': 'False', 'log_path': 'logs', 'no_print': 'None', 'cache_selected_only': 'False', 'printer_width': '80', 'partial_parse': 'True', 'indirect_selection': 'eager', 'empty': 'None', 'version_check': 'True', 'log_format': 'default', 'write_json': 'True', 'fail_fast': 'False', 'use_colors': 'True'}
[0m22:34:27.570920 [error] [MainThread]: Encountered an error:
Runtime Error
  No dbt_project.yml found at expected path /workspaces/Global-Electricity-Insights-Pipeline/dbt_project.yml
  Verify that each entry within packages.yml (and their transitive dependencies) contains a file named dbt_project.yml
  
[0m22:34:27.572004 [debug] [MainThread]: Resource report: {"command_name": "deps", "command_success": false, "command_wall_clock_time": 0.06608333, "process_in_blocks": "0", "process_kernel_time": 0.201633, "process_mem_max_rss": "117224", "process_out_blocks": "0", "process_user_time": 2.759981}
[0m22:34:27.572696 [debug] [MainThread]: Command `dbt deps` failed at 22:34:27.572563 after 0.07 seconds
[0m22:34:27.573177 [debug] [MainThread]: Sending event: {'category': 'dbt', 'action': 'invocation', 'label': 'end', 'context': [<snowplow_tracker.self_describing_json.SelfDescribingJson object at 0x728bf14c4a40>, <snowplow_tracker.self_describing_json.SelfDescribingJson object at 0x728bf0becce0>, <snowplow_tracker.self_describing_json.SelfDescribingJson object at 0x728bf0beeea0>]}
[0m22:34:27.573683 [debug] [MainThread]: Flushing usage events
[0m22:34:27.656631 [debug] [MainThread]: An error was encountered while trying to flush usage events
[0m22:36:20.623240 [debug] [MainThread]: Sending event: {'category': 'dbt', 'action': 'invocation', 'label': 'start', 'context': [<snowplow_tracker.self_describing_json.SelfDescribingJson object at 0x77b2f4a60350>, <snowplow_tracker.self_describing_json.SelfDescribingJson object at 0x77b2f3e33860>, <snowplow_tracker.self_describing_json.SelfDescribingJson object at 0x77b2f41523c0>]}


============================== 22:36:20.626744 | 6a3e3193-39bb-4a42-a3fc-3ae527a48110 ==============================
[0m22:36:20.626744 [info ] [MainThread]: Running with dbt=1.11.0-rc1
[0m22:36:20.627523 [debug] [MainThread]: running dbt with arguments {'use_colors': 'True', 'static_parser': 'True', 'send_anonymous_usage_stats': 'True', 'profiles_dir': '/home/codespace/.dbt', 'use_experimental_parser': 'False', 'empty': 'None', 'introspect': 'True', 'warn_error': 'None', 'write_json': 'True', 'fail_fast': 'False', 'cache_selected_only': 'False', 'log_cache_events': 'False', 'target_path': 'None', 'quiet': 'False', 'no_print': 'None', 'printer_width': '80', 'debug': 'False', 'log_format': 'default', 'partial_parse': 'True', 'version_check': 'True', 'indirect_selection': 'eager', 'warn_error_options': 'WarnErrorOptionsV2(error=[], warn=[], silence=[])', 'log_path': 'logs', 'invocation_command': 'dbt deps'}
[0m22:36:20.628373 [error] [MainThread]: Encountered an error:
Runtime Error
  No dbt_project.yml found at expected path /workspaces/Global-Electricity-Insights-Pipeline/dbt_project.yml
  Verify that each entry within packages.yml (and their transitive dependencies) contains a file named dbt_project.yml
  
[0m22:36:20.629459 [debug] [MainThread]: Resource report: {"command_name": "deps", "command_success": false, "command_wall_clock_time": 0.07205308, "process_in_blocks": "0", "process_kernel_time": 0.227417, "process_mem_max_rss": "117644", "process_out_blocks": "16", "process_user_time": 2.854683}
[0m22:36:20.630213 [debug] [MainThread]: Command `dbt deps` failed at 22:36:20.630100 after 0.07 seconds
[0m22:36:20.630707 [debug] [MainThread]: Sending event: {'category': 'dbt', 'action': 'invocation', 'label': 'end', 'context': [<snowplow_tracker.self_describing_json.SelfDescribingJson object at 0x77b2f3f52840>, <snowplow_tracker.self_describing_json.SelfDescribingJson object at 0x77b2f417c9e0>, <snowplow_tracker.self_describing_json.SelfDescribingJson object at 0x77b2f3c94470>]}
[0m22:36:20.631211 [debug] [MainThread]: Flushing usage events
[0m22:36:20.786774 [debug] [MainThread]: An error was encountered while trying to flush usage events
[0m22:37:44.247012 [debug] [MainThread]: Sending event: {'category': 'dbt', 'action': 'invocation', 'label': 'start', 'context': [<snowplow_tracker.self_describing_json.SelfDescribingJson object at 0x70bd080d6210>, <snowplow_tracker.self_describing_json.SelfDescribingJson object at 0x70bd08432b10>, <snowplow_tracker.self_describing_json.SelfDescribingJson object at 0x70bd09c629f0>]}


============================== 22:37:44.250497 | 5a354450-7beb-4325-a2cf-8d851c7ddd23 ==============================
[0m22:37:44.250497 [info ] [MainThread]: Running with dbt=1.11.0-rc1
[0m22:37:44.251325 [debug] [MainThread]: running dbt with arguments {'profiles_dir': '/home/codespace/.dbt', 'no_print': 'None', 'printer_width': '80', 'partial_parse': 'True', 'use_colors': 'True', 'use_experimental_parser': 'False', 'static_parser': 'True', 'debug': 'False', 'warn_error_options': 'WarnErrorOptionsV2(error=[], warn=[], silence=[])', 'send_anonymous_usage_stats': 'True', 'indirect_selection': 'eager', 'introspect': 'True', 'log_format': 'default', 'write_json': 'True', 'quiet': 'False', 'log_cache_events': 'False', 'warn_error': 'None', 'target_path': 'None', 'cache_selected_only': 'False', 'fail_fast': 'False', 'log_path': 'logs', 'version_check': 'True', 'invocation_command': 'dbt deps', 'empty': 'None'}
[0m22:37:44.252129 [error] [MainThread]: Encountered an error:
Runtime Error
  No dbt_project.yml found at expected path /workspaces/Global-Electricity-Insights-Pipeline/dbt_project.yml
  Verify that each entry within packages.yml (and their transitive dependencies) contains a file named dbt_project.yml
  
[0m22:37:44.253234 [debug] [MainThread]: Resource report: {"command_name": "deps", "command_success": false, "command_wall_clock_time": 0.06640718, "process_in_blocks": "0", "process_kernel_time": 0.211368, "process_mem_max_rss": "117556", "process_out_blocks": "8", "process_user_time": 2.786491}
[0m22:37:44.253959 [debug] [MainThread]: Command `dbt deps` failed at 22:37:44.253845 after 0.07 seconds
[0m22:37:44.254437 [debug] [MainThread]: Sending event: {'category': 'dbt', 'action': 'invocation', 'label': 'end', 'context': [<snowplow_tracker.self_describing_json.SelfDescribingJson object at 0x70bd07a7cbf0>, <snowplow_tracker.self_describing_json.SelfDescribingJson object at 0x70bd07172210>, <snowplow_tracker.self_describing_json.SelfDescribingJson object at 0x70bd0718e870>]}
[0m22:37:44.254972 [debug] [MainThread]: Flushing usage events
[0m22:37:44.363239 [debug] [MainThread]: An error was encountered while trying to flush usage events
[0m22:38:51.770073 [debug] [MainThread]: Sending event: {'category': 'dbt', 'action': 'invocation', 'label': 'start', 'context': [<snowplow_tracker.self_describing_json.SelfDescribingJson object at 0x7761008456a0>, <snowplow_tracker.self_describing_json.SelfDescribingJson object at 0x7760ffeca0f0>, <snowplow_tracker.self_describing_json.SelfDescribingJson object at 0x7761008ecbc0>]}


============================== 22:38:51.773475 | 4460659a-31d7-4079-b118-dade819b5d6a ==============================
[0m22:38:51.773475 [info ] [MainThread]: Running with dbt=1.11.0-rc1
[0m22:38:51.774261 [debug] [MainThread]: running dbt with arguments {'debug': 'False', 'profiles_dir': '/home/codespace/.dbt', 'empty': 'None', 'log_path': 'logs', 'use_experimental_parser': 'False', 'introspect': 'True', 'send_anonymous_usage_stats': 'True', 'warn_error': 'None', 'use_colors': 'True', 'cache_selected_only': 'False', 'partial_parse': 'True', 'invocation_command': 'dbt deps', 'warn_error_options': 'WarnErrorOptionsV2(error=[], warn=[], silence=[])', 'log_cache_events': 'False', 'static_parser': 'True', 'quiet': 'False', 'version_check': 'True', 'target_path': 'None', 'fail_fast': 'False', 'indirect_selection': 'eager', 'log_format': 'default', 'printer_width': '80', 'write_json': 'True', 'no_print': 'None'}
[0m22:38:51.775075 [error] [MainThread]: Encountered an error:
Runtime Error
  No dbt_project.yml found at expected path /workspaces/Global-Electricity-Insights-Pipeline/dbt_project.yml
  Verify that each entry within packages.yml (and their transitive dependencies) contains a file named dbt_project.yml
  
[0m22:38:51.776154 [debug] [MainThread]: Resource report: {"command_name": "deps", "command_success": false, "command_wall_clock_time": 0.06821564, "process_in_blocks": "0", "process_kernel_time": 0.222298, "process_mem_max_rss": "117736", "process_out_blocks": "8", "process_user_time": 2.875922}
[0m22:38:51.776853 [debug] [MainThread]: Command `dbt deps` failed at 22:38:51.776737 after 0.07 seconds
[0m22:38:51.777327 [debug] [MainThread]: Sending event: {'category': 'dbt', 'action': 'invocation', 'label': 'end', 'context': [<snowplow_tracker.self_describing_json.SelfDescribingJson object at 0x7761005ea930>, <snowplow_tracker.self_describing_json.SelfDescribingJson object at 0x7760ffecb980>, <snowplow_tracker.self_describing_json.SelfDescribingJson object at 0x776100b7e1e0>]}
[0m22:38:51.777846 [debug] [MainThread]: Flushing usage events
[0m22:38:51.850281 [debug] [MainThread]: An error was encountered while trying to flush usage events
